// Jest Snapshot v1, https://goo.gl/fbAQLP

exports[`AudioOnAnimations component renders correctly 1`] = `
<div>
  <div />
</div>
`;
