// Jest Snapshot v1, https://goo.gl/fbAQLP

exports[`Card renders correctly 1`] = `
<img
  alt="A card"
  className="card"
  onClick={[Function]}
/>
`;
