// Jest Snapshot v1, https://goo.gl/fbAQLP

exports[`LinkToPage renders correctly 1`] = `
<a
  href="/"
  onClick={[Function]}
>
  <img />
</a>
`;
