// Jest Snapshot v1, https://goo.gl/fbAQLP

exports[`Logo renders correctly 1`] = `
<div
  className="Logo"
>
  <h1>
    TILES
  </h1>
</div>
`;
